2124 complete cell/seed pairs, 708 distinct cells
  sweep required_field     21 settings,  16.6s
  sweep required_checkbox  12 settings,   0.9s
  sweep signature           6 settings,   0.2s
  sweep expiry             18 settings,   1.1s
  sweep consistency        18 settings,   5.7s
  sweep forbidden_value    18 settings, 312.7s
  sweep resolution          1 settings,   0.0s
  sweep cropped_page        1 settings,   0.0s
  sweep rotated_page        1 settings,   0.0s
nominal domain retained: dpi >= 150 (1836 pairs). Attempts: 96 dpi -> worst recall 0.000, 150 dpi -> worst recall 0.997
  required_field    text_sensor=ink, ink_threshold=128         threshold=   -0.345 calib recall=1.000 fpr=0.0000 | VALID recall=1.000 fpr=0.0000 | outside domain 0/288
  required_checkbox disc_ratio=0.3, ink_threshold=128          threshold=   -14.38 calib recall=1.000 fpr=0.0000 | VALID recall=1.000 fpr=0.0000 | outside domain 0/288
  signature         ink_threshold=128, signature_sensor=components threshold=   -342.1 calib recall=1.000 fpr=0.0000 | VALID recall=1.000 fpr=0.0000 | outside domain 0/288
  expiry            min_conf=0.0, text_sensor=page             threshold=        0 calib recall=1.000 fpr=0.0000 | VALID recall=1.000 fpr=0.0000 | outside domain 0/288
  consistency       min_conf=0.0, text_sensor=zone             threshold=   0.3939 calib recall=1.000 fpr=0.0000 | VALID recall=1.000 fpr=0.0000 | outside domain 0/288
  forbidden_value   min_conf=0.0, text_sensor=page             threshold=   0.7214 calib recall=0.991 fpr=0.0007 | VALID recall=0.997 fpr=0.0004 | outside domain 6/288
  resolution        no settings                                threshold=     -111 calib recall=1.000 fpr=0.0000 | VALID recall=1.000 fpr=0.0000 | outside domain 0/288
  cropped_page      no settings                                threshold=  0.08795 calib recall=1.000 fpr=0.0000 | VALID recall=1.000 fpr=0.0000 | outside domain 0/288
  rotated_page      no settings                                threshold=   0.3585 calib recall=1.000 fpr=0.0000 | VALID recall=1.000 fpr=0.0000 | outside domain 0/288
  resolution        threshold raised to -148.5 = floor 150 dpi minus 1.0% margin (max measured estimator error 0.0133%)
  crosstalk measured over the whole grid in 85s
-> /Users/dylanmerigaud/Code/dossier-preflight/grid/results/curves.png, /Users/dylanmerigaud/Code/dossier-preflight/LIMITS.md, /Users/dylanmerigaud/Code/dossier-preflight/grid/results/duels.md, thresholds.json published
